2026-03-28 19:50:12,191 | INFO | TFT TRAINING PIPELINE
2026-03-28 19:50:12,191 | INFO | Loading raw data...
2026-03-28 19:50:12,196 | INFO | DataLoader initialised — file: data/raw/retail_store_inventory.csv
2026-03-28 19:50:12,196 | INFO | Loading raw CSV...
2026-03-28 19:50:12,300 | INFO |   Loaded 73,100 rows, 15 columns
2026-03-28 19:50:12,364 | INFO |   Final shape: (73100, 15) | Stores: 5 | Products: 20 | Date range: 2022-01-01 → 2024-01-01
2026-03-28 19:50:12,394 | INFO | Found 100 unique store-product pairs.
2026-03-28 19:50:12,395 | INFO | Loaded 73100 rows, 100 store-product pairs
2026-03-28 19:50:12,395 | INFO | Preprocessing...
2026-03-28 19:50:12,395 | INFO | Preprocessor: fit_transform started
2026-03-28 19:50:12,690 | INFO |   Fitted 100 scalers
2026-03-28 19:50:12,723 | INFO |   Saved 100 scalers to models/lstm/scalers
2026-03-28 19:50:12,723 | INFO | Preprocessor: fit_transform complete
2026-03-28 19:50:12,723 | INFO | Feature engineering...
2026-03-28 19:50:12,723 | INFO | FeatureEngineer: building features...
2026-03-28 19:50:12,765 | INFO |   ✓ Lag features added (lag_1, lag_7)
2026-03-28 19:50:12,824 | INFO |   ✓ Rolling statistics added (mean_7, std_7)
2026-03-28 19:50:12,830 | INFO |   ✓ Time features added (day_of_week sin/cos, month sin/cos)
2026-03-28 19:50:12,853 | INFO |   ✓ Categorical encoding: 17 columns created
2026-03-28 19:50:12,859 | INFO |   ✓ Dropped 700 NaN rows (from lag/rolling at series start)
2026-03-28 19:50:12,859 | INFO | FeatureEngineer: complete. Shape: (72400, 38) | Numeric features: 12 | Categorical features: 17
2026-03-28 19:50:12,859 | INFO | Features: 29
2026-03-28 19:50:12,859 | INFO | Building sequences...
2026-03-28 19:50:12,867 | INFO | SequenceBuilder: processing 100 store-product pairs...
2026-03-28 19:50:13,024 | INFO |   train: X=(48100, 30, 30), y=(48100, 7)
2026-03-28 19:50:13,028 | INFO |   val  : X=(10300, 30, 30), y=(10300, 7)
2026-03-28 19:50:13,032 | INFO |   test : X=(10400, 30, 30), y=(10400, 7)
2026-03-28 19:50:13,038 | INFO | Train: X=(48100, 30, 30), y=(48100, 7)
2026-03-28 19:50:13,038 | INFO | Val:   X=(10300, 30, 30),   y=(10300, 7)
2026-03-28 19:50:13,038 | INFO | Test:  X=(10400, 30, 30),  y=(10400, 7)
2026-03-28 19:50:13,038 | INFO | Input size: 30
2026-03-28 19:57:29,999 | INFO | TFT TRAINING PIPELINE
2026-03-28 19:57:29,999 | INFO | Loading raw data...
2026-03-28 19:57:30,000 | INFO | DataLoader initialised — file: data/raw/retail_store_inventory.csv
2026-03-28 19:57:30,000 | INFO | Loading raw CSV...
2026-03-28 19:57:30,047 | INFO |   Loaded 73,100 rows, 15 columns
2026-03-28 19:57:30,071 | INFO |   Final shape: (73100, 15) | Stores: 5 | Products: 20 | Date range: 2022-01-01 → 2024-01-01
2026-03-28 19:57:30,077 | INFO | Found 100 unique store-product pairs.
2026-03-28 19:57:30,077 | INFO | Loaded 73100 rows, 100 store-product pairs
2026-03-28 19:57:30,077 | INFO | Preprocessing...
2026-03-28 19:57:30,079 | INFO | Preprocessor: fit_transform started
2026-03-28 19:57:30,363 | INFO |   Fitted 100 scalers
2026-03-28 19:57:30,401 | INFO |   Saved 100 scalers to models/lstm/scalers
2026-03-28 19:57:30,401 | INFO | Preprocessor: fit_transform complete
2026-03-28 19:57:30,401 | INFO | Feature engineering...
2026-03-28 19:57:30,401 | INFO | FeatureEngineer: building features...
2026-03-28 19:57:30,443 | INFO |   ✓ Lag features added (lag_1, lag_7)
2026-03-28 19:57:30,501 | INFO |   ✓ Rolling statistics added (mean_7, std_7)
2026-03-28 19:57:30,507 | INFO |   ✓ Time features added (day_of_week sin/cos, month sin/cos)
2026-03-28 19:57:30,520 | INFO |   ✓ Categorical encoding: 17 columns created
2026-03-28 19:57:30,526 | INFO |   ✓ Dropped 700 NaN rows (from lag/rolling at series start)
2026-03-28 19:57:30,526 | INFO | FeatureEngineer: complete. Shape: (72400, 38) | Numeric features: 12 | Categorical features: 17
2026-03-28 19:57:30,526 | INFO | Features: 29
2026-03-28 19:57:30,526 | INFO | Building sequences...
2026-03-28 19:57:30,533 | INFO | SequenceBuilder: processing 100 store-product pairs...
2026-03-28 19:57:30,691 | INFO |   train: X=(48100, 30, 30), y=(48100, 7)
2026-03-28 19:57:30,695 | INFO |   val  : X=(10300, 30, 30), y=(10300, 7)
2026-03-28 19:57:30,699 | INFO |   test : X=(10400, 30, 30), y=(10400, 7)
2026-03-28 19:57:30,706 | INFO | Train: X=(48100, 30, 30), y=(48100, 7)
2026-03-28 19:57:30,706 | INFO | Val:   X=(10300, 30, 30),   y=(10300, 7)
2026-03-28 19:57:30,706 | INFO | Test:  X=(10400, 30, 30),  y=(10400, 7)
2026-03-28 19:57:30,706 | INFO | Input size: 30
2026-03-28 19:57:31,566 | INFO | Training TFT model...
2026-03-28 19:57:42,304 | INFO | TFTTrainer initialised | device=cuda | lr=0.001
2026-03-28 19:57:42,317 | INFO | Starting TFT training for up to 30 epochs...
2026-03-28 19:57:51,159 | INFO | Epoch   1/30 | train_loss=0.061300 | val_loss=0.052876
2026-03-28 19:57:51,180 | INFO |   ✓ New best val_loss=0.052876 — checkpoint saved
2026-03-28 19:57:53,306 | INFO | Epoch   2/30 | train_loss=0.052833 | val_loss=0.052833
2026-03-28 19:57:53,308 | INFO |   ✓ New best val_loss=0.052833 — checkpoint saved
2026-03-28 19:57:55,436 | INFO | Epoch   3/30 | train_loss=0.052576 | val_loss=0.052830
2026-03-28 19:57:55,458 | INFO |   ✓ New best val_loss=0.052830 — checkpoint saved
2026-03-28 19:57:57,585 | INFO | Epoch   4/30 | train_loss=0.052443 | val_loss=0.052762
2026-03-28 19:57:57,588 | INFO |   ✓ New best val_loss=0.052762 — checkpoint saved
2026-03-28 19:57:59,709 | INFO | Epoch   5/30 | train_loss=0.052323 | val_loss=0.052688
2026-03-28 19:57:59,712 | INFO |   ✓ New best val_loss=0.052688 — checkpoint saved
2026-03-28 19:58:01,838 | INFO | Epoch   6/30 | train_loss=0.052255 | val_loss=0.052728
2026-03-28 19:58:03,968 | INFO | Epoch   7/30 | train_loss=0.052180 | val_loss=0.052718
2026-03-28 19:58:06,089 | INFO | Epoch   8/30 | train_loss=0.051872 | val_loss=0.053227
2026-03-28 19:58:08,215 | INFO | Epoch   9/30 | train_loss=0.050377 | val_loss=0.054969
2026-03-28 19:58:10,338 | INFO | Epoch  10/30 | train_loss=0.047932 | val_loss=0.056810
2026-03-28 19:58:12,469 | INFO | Epoch  11/30 | train_loss=0.045802 | val_loss=0.058126
2026-03-28 19:58:14,587 | INFO | Epoch  12/30 | train_loss=0.044170 | val_loss=0.060908
2026-03-28 19:58:16,690 | INFO | Epoch  13/30 | train_loss=0.042795 | val_loss=0.063180
2026-03-28 19:58:19,011 | INFO | Epoch  14/30 | train_loss=0.041613 | val_loss=0.061770
2026-03-28 19:58:21,129 | INFO | Epoch  15/30 | train_loss=0.040640 | val_loss=0.062748
2026-03-28 19:58:21,130 | INFO | Early stopping at epoch 15
2026-03-28 19:58:21,136 | INFO | Best model loaded from models/lstm/tft/best_tft_model.pt
2026-03-28 19:58:21,136 | INFO | Evaluating on test set...
2026-03-28 19:58:21,245 | INFO | Forecast metrics — MAE: 0.1864 | RMSE: 0.2268 
2026-03-28 19:58:21,246 | INFO | TFT Test Results:
2026-03-28 19:58:21,246 | INFO |   MAE:   0.1864
2026-03-28 19:58:21,246 | INFO |   RMSE:  0.2268
2026-03-28 19:59:30,305 | INFO | TFT TRAINING PIPELINE
2026-03-28 19:59:30,305 | INFO | Loading raw data...
2026-03-28 19:59:30,305 | INFO | DataLoader initialised — file: data/raw/retail_store_inventory.csv
2026-03-28 19:59:30,305 | INFO | Loading raw CSV...
2026-03-28 19:59:30,352 | INFO |   Loaded 73,100 rows, 15 columns
2026-03-28 19:59:30,375 | INFO |   Final shape: (73100, 15) | Stores: 5 | Products: 20 | Date range: 2022-01-01 → 2024-01-01
2026-03-28 19:59:30,382 | INFO | Found 100 unique store-product pairs.
2026-03-28 19:59:30,382 | INFO | Loaded 73100 rows, 100 store-product pairs
2026-03-28 19:59:30,382 | INFO | Preprocessing...
2026-03-28 19:59:30,383 | INFO | Preprocessor: fit_transform started
2026-03-28 19:59:30,662 | INFO |   Fitted 100 scalers
2026-03-28 19:59:30,712 | INFO |   Saved 100 scalers to models/lstm/scalers
2026-03-28 19:59:30,712 | INFO | Preprocessor: fit_transform complete
2026-03-28 19:59:30,712 | INFO | Feature engineering...
2026-03-28 19:59:30,712 | INFO | FeatureEngineer: building features...
2026-03-28 19:59:30,753 | INFO |   ✓ Lag features added (lag_1, lag_7)
2026-03-28 19:59:30,810 | INFO |   ✓ Rolling statistics added (mean_7, std_7)
2026-03-28 19:59:30,816 | INFO |   ✓ Time features added (day_of_week sin/cos, month sin/cos)
2026-03-28 19:59:30,830 | INFO |   ✓ Categorical encoding: 17 columns created
2026-03-28 19:59:30,835 | INFO |   ✓ Dropped 700 NaN rows (from lag/rolling at series start)
2026-03-28 19:59:30,836 | INFO | FeatureEngineer: complete. Shape: (72400, 38) | Numeric features: 12 | Categorical features: 17
2026-03-28 19:59:30,836 | INFO | Features: 29
2026-03-28 19:59:30,836 | INFO | Building sequences...
2026-03-28 19:59:30,843 | INFO | SequenceBuilder: processing 100 store-product pairs...
2026-03-28 19:59:31,002 | INFO |   train: X=(48100, 30, 30), y=(48100, 7)
2026-03-28 19:59:31,006 | INFO |   val  : X=(10300, 30, 30), y=(10300, 7)
2026-03-28 19:59:31,009 | INFO |   test : X=(10400, 30, 30), y=(10400, 7)
2026-03-28 19:59:31,017 | INFO | Train: X=(48100, 30, 30), y=(48100, 7)
2026-03-28 19:59:31,017 | INFO | Val:   X=(10300, 30, 30),   y=(10300, 7)
2026-03-28 19:59:31,017 | INFO | Test:  X=(10400, 30, 30),  y=(10400, 7)
2026-03-28 19:59:31,018 | INFO | Input size: 30
2026-03-28 19:59:31,023 | INFO | Training TFT model...
2026-03-28 19:59:32,047 | INFO | TFTTrainer initialised | device=cuda | lr=0.001
2026-03-28 19:59:32,058 | INFO | Starting TFT training for up to 30 epochs...
2026-03-28 19:59:34,356 | INFO | Epoch   1/30 | train_loss=0.061630 | val_loss=0.053149
2026-03-28 19:59:34,362 | INFO |   ✓ New best val_loss=0.053149 — checkpoint saved
2026-03-28 19:59:36,457 | INFO | Epoch   2/30 | train_loss=0.053040 | val_loss=0.052851
2026-03-28 19:59:36,460 | INFO |   ✓ New best val_loss=0.052851 — checkpoint saved
2026-03-28 19:59:38,545 | INFO | Epoch   3/30 | train_loss=0.052705 | val_loss=0.052802
2026-03-28 19:59:38,548 | INFO |   ✓ New best val_loss=0.052802 — checkpoint saved
2026-03-28 19:59:40,644 | INFO | Epoch   4/30 | train_loss=0.052530 | val_loss=0.052772
2026-03-28 19:59:40,665 | INFO |   ✓ New best val_loss=0.052772 — checkpoint saved
2026-03-28 19:59:42,759 | INFO | Epoch   5/30 | train_loss=0.052437 | val_loss=0.052735
2026-03-28 19:59:42,763 | INFO |   ✓ New best val_loss=0.052735 — checkpoint saved
2026-03-28 19:59:45,075 | INFO | Epoch   6/30 | train_loss=0.052306 | val_loss=0.052719
2026-03-28 19:59:45,080 | INFO |   ✓ New best val_loss=0.052719 — checkpoint saved
2026-03-28 19:59:47,199 | INFO | Epoch   7/30 | train_loss=0.052114 | val_loss=0.052859
2026-03-28 19:59:49,516 | INFO | Epoch   8/30 | train_loss=0.051127 | val_loss=0.054864
2026-03-28 19:59:51,613 | INFO | Epoch   9/30 | train_loss=0.048998 | val_loss=0.058194
2026-03-28 19:59:53,706 | INFO | Epoch  10/30 | train_loss=0.046744 | val_loss=0.059083
2026-03-28 19:59:55,792 | INFO | Epoch  11/30 | train_loss=0.044951 | val_loss=0.060899
2026-03-28 19:59:57,878 | INFO | Epoch  12/30 | train_loss=0.043508 | val_loss=0.062076
2026-03-28 19:59:59,963 | INFO | Epoch  13/30 | train_loss=0.042233 | val_loss=0.061047
2026-03-28 20:00:02,073 | INFO | Epoch  14/30 | train_loss=0.041181 | val_loss=0.062886
2026-03-28 20:00:04,185 | INFO | Epoch  15/30 | train_loss=0.040164 | val_loss=0.064594
2026-03-28 20:00:06,296 | INFO | Epoch  16/30 | train_loss=0.039277 | val_loss=0.064775
2026-03-28 20:00:06,296 | INFO | Early stopping at epoch 16
2026-03-28 20:00:06,301 | INFO | Best model loaded from models/lstm/tft/best_tft_model.pt
2026-03-28 20:00:06,301 | INFO | Evaluating on test set...
2026-03-28 20:00:06,320 | INFO | Forecast metrics — MAE: 0.1852 | RMSE: 0.2269 
2026-03-28 20:00:06,320 | INFO | TFT Test Results:
2026-03-28 20:00:06,320 | INFO |   MAE:   0.1852
2026-03-28 20:00:06,320 | INFO |   RMSE:  0.2269
2026-03-28 20:00:06,339 | INFO | Per-day forecast accuracy:
2026-03-28 20:00:06,339 | INFO |   Day 1: MAE=0.1872, RMSE=0.2271
2026-03-28 20:00:06,339 | INFO |   Day 2: MAE=0.1851, RMSE=0.2270
2026-03-28 20:00:06,339 | INFO |   Day 3: MAE=0.1857, RMSE=0.2270
2026-03-28 20:00:06,339 | INFO |   Day 4: MAE=0.1859, RMSE=0.2265
2026-03-28 20:00:06,339 | INFO |   Day 5: MAE=0.1850, RMSE=0.2268
2026-03-28 20:00:06,339 | INFO |   Day 6: MAE=0.1835, RMSE=0.2268
2026-03-28 20:00:06,339 | INFO |   Day 7: MAE=0.1839, RMSE=0.2268
2026-03-28 20:00:06,339 | INFO | 
TFT training complete.
2026-03-28 20:00:06,339 | INFO | Model saved to: models/lstm/tft/best_tft_model.pt
2026-03-28 20:00:06,339 | INFO | Trained for 16 epochs
